Java HotSpot(TM) 64-Bit Server VM (25.271-b09) for windows-amd64 JRE (1.8.0_271-b09), built on Sep 16 2020 19:14:59 by "" with MS VC++ 15.9 (VS2017)
Memory: 4k page, physical 33449164k(22482756k free), swap 35546316k(19374956k free)
CommandLine flags: -XX:G1LogLevel=finest -XX:InitialHeapSize=134217728 -XX:MaxGCPauseMillis=20 -XX:MaxHeapSize=134217728 -XX:+PrintGC -XX:+PrintGCDetails -XX:+PrintGCTimeStamps -XX:+PrintTLAB -XX:+UnlockExperimentalVMOptions -XX:+UseCompressedClassPointers -XX:+UseCompressedOops -XX:+UseG1GC -XX:-UseLargePagesIndividualAllocation 
3.964: [GC pause (G1 Evacuation Pause) (young)TLAB: gc thread: 0x0000020ffa41f000 [id: 17576] desired_size: 122KB slow allocs: 0  refill waste: 1960B alloc: 0.99996     6144KB refills: 1 waste 73.9% gc: 93040B slow: 0B fast: 0B
TLAB: gc thread: 0x0000020ffa3b5800 [id: 23056] desired_size: 122KB slow allocs: 0  refill waste: 1960B alloc: 0.99996     6144KB refills: 1 waste 99.6% gc: 125336B slow: 0B fast: 0B
TLAB: gc thread: 0x0000020fe4a7b000 [id: 24600] desired_size: 122KB slow allocs: 6  refill waste: 1960B alloc: 0.99996     6144KB refills: 48 waste  0.0% gc: 0B slow: 2064B fast: 0B
TLAB totals: thrds: 3  refills: 50 max: 48 slow allocs: 6 max 6 waste:  3.5% gc: 218376B max: 125336B slow: 2064B max: 2064B fast: 0B max: 0B
, 0.0030925 secs]
   [Parallel Time: 1.7 ms, GC Workers: 13]
      [GC Worker Start (ms):  3963.7  3963.8  3963.9  3963.9  3963.9  3964.0  3964.1  3964.1  3964.1  3964.1  3964.1  3964.1  3964.1
       Min: 3963.7, Avg: 3964.0, Max: 3964.1, Diff: 0.3]
      [Ext Root Scanning (ms):  0.2  0.2  0.1  0.1  0.0  0.0  0.0  0.0  0.0  0.0  0.0  0.0  0.0
       Min: 0.0, Avg: 0.1, Max: 0.2, Diff: 0.2, Sum: 0.7]
         [Thread Roots (ms):  0.0  0.1  0.0  0.0  0.0  0.0  0.0  0.0  0.0  0.0  0.0  0.0  0.0
          Min: 0.0, Avg: 0.0, Max: 0.1, Diff: 0.1, Sum: 0.1]
         [StringTable Roots (ms):  0.1  0.1  0.1  0.1  0.0  0.0  0.0  0.0  0.0  0.0  0.0  0.0  0.0
          Min: 0.0, Avg: 0.0, Max: 0.1, Diff: 0.1, Sum: 0.4]
         [Universe Roots (ms):  0.0  0.0  0.0  0.0  0.0  0.0  0.0  0.0  0.0  0.0  0.0  0.0  0.0
          Min: 0.0, Avg: 0.0, Max: 0.0, Diff: 0.0, Sum: 0.0]
         [JNI Handles Roots (ms):  0.0  0.0  0.0  0.0  0.0  0.0  0.0  0.0  0.0  0.0  0.0  0.0  0.0
          Min: 0.0, Avg: 0.0, Max: 0.0, Diff: 0.0, Sum: 0.0]
         [ObjectSynchronizer Roots (ms):  0.0  0.0  0.0  0.0  0.0  0.0  0.0  0.0  0.0  0.0  0.0  0.0  0.0
          Min: 0.0, Avg: 0.0, Max: 0.0, Diff: 0.0, Sum: 0.0]
         [FlatProfiler Roots (ms):  0.0  0.0  0.0  0.0  0.0  0.0  0.0  0.0  0.0  0.0  0.0  0.0  0.0
          Min: 0.0, Avg: 0.0, Max: 0.0, Diff: 0.0, Sum: 0.0]
         [Management Roots (ms):  0.0  0.0  0.0  0.0  0.0  0.0  0.0  0.0  0.0  0.0  0.0  0.0  0.0
          Min: 0.0, Avg: 0.0, Max: 0.0, Diff: 0.0, Sum: 0.0]
         [SystemDictionary Roots (ms):  0.0  0.0  0.0  0.0  0.0  0.0  0.0  0.0  0.0  0.0  0.0  0.0  0.0
          Min: 0.0, Avg: 0.0, Max: 0.0, Diff: 0.0, Sum: 0.0]
         [CLDG Roots (ms):  0.1  0.0  0.0  0.0  0.0  0.0  0.0  0.0  0.0  0.0  0.0  0.0  0.0
          Min: 0.0, Avg: 0.0, Max: 0.1, Diff: 0.1, Sum: 0.1]
         [JVMTI Roots (ms):  0.0  0.0  0.0  0.0  0.0  0.0  0.0  0.0  0.0  0.0  0.0  0.0  0.0
          Min: 0.0, Avg: 0.0, Max: 0.0, Diff: 0.0, Sum: 0.0]
         [CodeCache Roots (ms):  0.0  0.0  0.0  0.0  0.0  0.0  0.0  0.0  0.0  0.0  0.0  0.0  0.0
          Min: 0.0, Avg: 0.0, Max: 0.0, Diff: 0.0, Sum: 0.0]
         [CM RefProcessor Roots (ms):  0.0  0.0  0.0  0.0  0.0  0.0  0.0  0.0  0.0  0.0  0.0  0.0  0.0
          Min: 0.0, Avg: 0.0, Max: 0.0, Diff: 0.0, Sum: 0.0]
         [Wait For Strong CLD (ms):  0.0  0.0  0.0  0.0  0.0  0.0  0.0  0.0  0.0  0.0  0.0  0.0  0.0
          Min: 0.0, Avg: 0.0, Max: 0.0, Diff: 0.0, Sum: 0.0]
         [Weak CLD Roots (ms):  0.0  0.0  0.0  0.0  0.0  0.0  0.0  0.0  0.0  0.0  0.0  0.0  0.0
          Min: 0.0, Avg: 0.0, Max: 0.0, Diff: 0.0, Sum: 0.0]
         [SATB Filtering (ms):  0.0  0.0  0.0  0.0  0.0  0.0  0.0  0.0  0.0  0.0  0.0  0.0  0.0
          Min: 0.0, Avg: 0.0, Max: 0.0, Diff: 0.0, Sum: 0.0]
      [Update RS (ms):  0.0  0.0  0.0  0.0  0.0  0.0  0.0  0.0  0.0  0.0  0.0  0.0  0.0
       Min: 0.0, Avg: 0.0, Max: 0.0, Diff: 0.0, Sum: 0.0]
         [Processed Buffers:  0  0  0  0  0  0  0  0  0  0  0  0  0
          Min: 0, Avg: 0.0, Max: 0, Diff: 0, Sum: 0]
      [Scan RS (ms):  0.0  0.0  0.0  0.0  0.0  0.0  0.0  0.0  0.0  0.0  0.0  0.0  0.0
       Min: 0.0, Avg: 0.0, Max: 0.0, Diff: 0.0, Sum: 0.0]
      [Code Root Scanning (ms):  0.0  0.0  0.0  0.0  0.0  0.0  0.0  0.0  0.0  0.0  0.0  0.0  0.0
       Min: 0.0, Avg: 0.0, Max: 0.0, Diff: 0.0, Sum: 0.0]
      [Object Copy (ms):  0.8  0.8  0.8  0.8  0.8  0.7  0.7  0.7  0.7  0.7  0.7  0.7  0.7
       Min: 0.7, Avg: 0.7, Max: 0.8, Diff: 0.1, Sum: 9.2]
      [Termination (ms):  0.0  0.0  0.0  0.0  0.0  0.0  0.0  0.0  0.0  0.0  0.0  0.0  0.0
       Min: 0.0, Avg: 0.0, Max: 0.0, Diff: 0.0, Sum: 0.1]
         [Termination Attempts:  18  19  25  22  21  17  21  17  24  22  18  18  23
          Min: 17, Avg: 20.4, Max: 25, Diff: 8, Sum: 265]
      [GC Worker Other (ms):  0.0  0.0  0.0  0.0  0.0  0.0  0.0  0.0  0.0  0.0  0.0  0.0  0.0
       Min: 0.0, Avg: 0.0, Max: 0.0, Diff: 0.0, Sum: 0.3]
      [GC Worker Total (ms):  1.0  1.0  0.9  0.9  0.8  0.8  0.7  0.7  0.7  0.7  0.7  0.7  0.7
       Min: 0.7, Avg: 0.8, Max: 1.0, Diff: 0.3, Sum: 10.3]
      [GC Worker End (ms):  3964.8  3964.8  3964.8  3964.8  3964.8  3964.8  3964.8  3964.8  3964.8  3964.8  3964.8  3964.8  3964.8
       Min: 3964.8, Avg: 3964.8, Max: 3964.8, Diff: 0.0]
   [Code Root Fixup: 0.0 ms]
   [Code Root Purge: 0.0 ms]
   [Clear CT: 0.5 ms]
   [Other: 0.9 ms]
      [Choose CSet: 0.0 ms]
      [Ref Proc: 0.7 ms]
      [Ref Enq: 0.0 ms]
      [Redirty Cards: 0.1 ms]
         [Parallel Redirty:  0.0  0.0  0.0  0.0  0.0  0.0  0.0  0.0  0.0  0.0  0.0  0.0  0.0
          Min: 0.0, Avg: 0.0, Max: 0.0, Diff: 0.0, Sum: 0.0]
         [Redirtied Cards:  14  0  0  0  0  0  0  0  0  0  0  0  0
          Min: 0, Avg: 1.1, Max: 14, Diff: 14, Sum: 14]
      [Humongous Register: 0.0 ms]
         [Humongous Total: 0]
         [Humongous Candidate: 0]
      [Humongous Reclaim: 0.0 ms]
         [Humongous Reclaimed: 0]
      [Free CSet: 0.0 ms]
         [Young Free CSet: 0.0 ms]
         [Non-Young Free CSet: 0.0 ms]
   [Eden: 6144.0K(6144.0K)->0.0B(5120.0K) Survivors: 0.0B->1024.0K Heap: 6144.0K(128.0M)->2784.0K(128.0M)]
 [Times: user=0.00 sys=0.00, real=0.01 secs] 
7.932: [GC pause (G1 Evacuation Pause) (young)TLAB: gc thread: 0x0000020ffa420000 [id: 25332] desired_size: 102KB slow allocs: 0  refill waste: 1632B alloc: 0.99996     5120KB refills: 1 waste 100.0% gc: 104800B slow: 0B fast: 0B
TLAB: gc thread: 0x0000020fe4a7b000 [id: 24600] desired_size: 99KB slow allocs: 2  refill waste: 1624B alloc: 0.97580     4996KB refills: 53 waste  0.1% gc: 5736B slow: 1472B fast: 0B
TLAB totals: thrds: 2  refills: 54 max: 53 slow allocs: 2 max 2 waste:  2.0% gc: 110536B max: 104800B slow: 1472B max: 1472B fast: 0B max: 0B
, 0.0167968 secs]
   [Parallel Time: 15.9 ms, GC Workers: 13]
      [GC Worker Start (ms):  7932.2  7932.2  7932.2  7932.3  7932.3  7932.4  7932.4  7932.4  7932.4  7932.4  7932.4  7932.5  7932.6
       Min: 7932.2, Avg: 7932.4, Max: 7932.6, Diff: 0.4]
      [Ext Root Scanning (ms):  0.2  0.2  0.1  0.1  0.0  0.0  0.0  0.0  0.0  0.0  0.0  0.0  0.0
       Min: 0.0, Avg: 0.0, Max: 0.2, Diff: 0.2, Sum: 0.6]
         [Thread Roots (ms):  0.0  0.0  0.0  0.0  0.0  0.0  0.0  0.0  0.0  0.0  0.0  0.0  0.0
          Min: 0.0, Avg: 0.0, Max: 0.0, Diff: 0.0, Sum: 0.1]
         [StringTable Roots (ms):  0.1  0.1  0.1  0.1  0.0  0.0  0.0  0.0  0.0  0.0  0.0  0.0  0.0
          Min: 0.0, Avg: 0.0, Max: 0.1, Diff: 0.1, Sum: 0.4]
         [Universe Roots (ms):  0.0  0.0  0.0  0.0  0.0  0.0  0.0  0.0  0.0  0.0  0.0  0.0  0.0
          Min: 0.0, Avg: 0.0, Max: 0.0, Diff: 0.0, Sum: 0.0]
         [JNI Handles Roots (ms):  0.0  0.0  0.0  0.0  0.0  0.0  0.0  0.0  0.0  0.0  0.0  0.0  0.0
          Min: 0.0, Avg: 0.0, Max: 0.0, Diff: 0.0, Sum: 0.0]
         [ObjectSynchronizer Roots (ms):  0.0  0.0  0.0  0.0  0.0  0.0  0.0  0.0  0.0  0.0  0.0  0.0  0.0
          Min: 0.0, Avg: 0.0, Max: 0.0, Diff: 0.0, Sum: 0.0]
         [FlatProfiler Roots (ms):  0.0  0.0  0.0  0.0  0.0  0.0  0.0  0.0  0.0  0.0  0.0  0.0  0.0
          Min: 0.0, Avg: 0.0, Max: 0.0, Diff: 0.0, Sum: 0.0]
         [Management Roots (ms):  0.0  0.0  0.0  0.0  0.0  0.0  0.0  0.0  0.0  0.0  0.0  0.0  0.0
          Min: 0.0, Avg: 0.0, Max: 0.0, Diff: 0.0, Sum: 0.0]
         [SystemDictionary Roots (ms):  0.0  0.0  0.0  0.0  0.0  0.0  0.0  0.0  0.0  0.0  0.0  0.0  0.0
          Min: 0.0, Avg: 0.0, Max: 0.0, Diff: 0.0, Sum: 0.0]
         [CLDG Roots (ms):  0.1  0.0  0.0  0.0  0.0  0.0  0.0  0.0  0.0  0.0  0.0  0.0  0.0
          Min: 0.0, Avg: 0.0, Max: 0.1, Diff: 0.1, Sum: 0.1]
         [JVMTI Roots (ms):  0.0  0.0  0.0  0.0  0.0  0.0  0.0  0.0  0.0  0.0  0.0  0.0  0.0
          Min: 0.0, Avg: 0.0, Max: 0.0, Diff: 0.0, Sum: 0.0]
         [CodeCache Roots (ms):  11.4  0.0  11.3  11.3  11.3  11.3  11.3  11.3  11.3  11.3  0.0  0.0  0.0
          Min: 0.0, Avg: 7.8, Max: 11.4, Diff: 11.4, Sum: 102.0]
         [CM RefProcessor Roots (ms):  0.0  0.0  0.0  0.0  0.0  0.0  0.0  0.0  0.0  0.0  0.0  0.0  0.0
          Min: 0.0, Avg: 0.0, Max: 0.0, Diff: 0.0, Sum: 0.0]
         [Wait For Strong CLD (ms):  0.0  0.0  0.0  0.0  0.0  0.0  0.0  0.0  0.0  0.0  0.0  0.0  0.0
          Min: 0.0, Avg: 0.0, Max: 0.0, Diff: 0.0, Sum: 0.0]
         [Weak CLD Roots (ms):  0.0  0.0  0.0  0.0  0.0  0.0  0.0  0.0  0.0  0.0  0.0  0.0  0.0
          Min: 0.0, Avg: 0.0, Max: 0.0, Diff: 0.0, Sum: 0.0]
         [SATB Filtering (ms):  0.0  0.0  0.0  0.0  0.0  0.0  0.0  0.0  0.0  0.0  0.0  0.0  0.0
          Min: 0.0, Avg: 0.0, Max: 0.0, Diff: 0.0, Sum: 0.0]
      [Update RS (ms):  11.4  0.0  11.3  11.3  11.3  11.3  11.3  11.3  11.3  11.3  0.0  0.0  0.0
       Min: 0.0, Avg: 7.8, Max: 11.4, Diff: 11.4, Sum: 101.9]
         [Processed Buffers:  1  0  1  1  1  1  1  1  1  1  0  0  0
          Min: 0, Avg: 0.7, Max: 1, Diff: 1, Sum: 9]
      [Scan RS (ms):  0.0  0.0  0.0  0.0  0.0  0.0  0.0  0.0  0.0  0.0  0.0  0.0  0.0
       Min: 0.0, Avg: 0.0, Max: 0.0, Diff: 0.0, Sum: 0.0]
      [Code Root Scanning (ms):  0.0  0.0  0.0  0.0  0.0  0.0  0.0  0.0  0.0  0.0  0.0  0.0  0.0
       Min: 0.0, Avg: 0.0, Max: 0.0, Diff: 0.0, Sum: 0.0]
      [Object Copy (ms):  0.0  1.6  0.0  0.0  0.0  0.0  0.0  0.0  0.0  0.0  1.5  1.4  1.4
       Min: 0.0, Avg: 0.5, Max: 1.6, Diff: 1.6, Sum: 6.0]
      [Termination (ms):  0.0  13.7  0.1  0.0  0.1  0.1  0.1  0.1  0.0  0.0  13.7  13.6  13.6
       Min: 0.0, Avg: 4.2, Max: 13.7, Diff: 13.7, Sum: 54.9]
         [Termination Attempts:  1  1  4  2  4  2  3  3  1  1  1  1  1
          Min: 1, Avg: 1.9, Max: 4, Diff: 3, Sum: 25]
      [GC Worker Other (ms):  0.0  0.0  0.0  0.0  0.0  0.0  0.0  0.0  0.0  0.0  0.0  0.0  0.0
       Min: 0.0, Avg: 0.0, Max: 0.0, Diff: 0.0, Sum: 0.1]
      [GC Worker Total (ms):  11.6  15.4  11.5  11.5  11.4  11.4  11.4  11.4  11.4  11.4  15.2  15.0  15.0
       Min: 11.4, Avg: 12.6, Max: 15.4, Diff: 4.1, Sum: 163.5]
      [GC Worker End (ms):  7943.8  7947.6  7943.8  7943.7  7943.8  7943.8  7943.7  7943.8  7943.8  7943.7  7947.6  7947.6  7947.6
       Min: 7943.7, Avg: 7944.9, Max: 7947.6, Diff: 3.9]
   [Code Root Fixup: 0.0 ms]
   [Code Root Purge: 0.0 ms]
   [Clear CT: 0.2 ms]
   [Other: 0.7 ms]
      [Choose CSet: 0.0 ms]
      [Ref Proc: 0.5 ms]
      [Ref Enq: 0.0 ms]
      [Redirty Cards: 0.1 ms]
         [Parallel Redirty:  0.0  0.0  0.0  0.0  0.0  0.0  0.0  0.0  0.0  0.0  0.0  0.0  0.0
          Min: 0.0, Avg: 0.0, Max: 0.0, Diff: 0.0, Sum: 0.0]
         [Redirtied Cards:  329  128  0  0  0  0  0  0  0  0  0  0  0
          Min: 0, Avg: 35.2, Max: 329, Diff: 329, Sum: 457]
      [Humongous Register: 0.0 ms]
         [Humongous Total: 0]
         [Humongous Candidate: 0]
      [Humongous Reclaim: 0.0 ms]
         [Humongous Reclaimed: 0]
      [Free CSet: 0.0 ms]
         [Young Free CSet: 0.0 ms]
         [Non-Young Free CSet: 0.0 ms]
   [Eden: 5120.0K(5120.0K)->0.0B(5120.0K) Survivors: 1024.0K->1024.0K Heap: 7904.0K(128.0M)->6274.5K(128.0M)]
 [Times: user=0.06 sys=0.00, real=0.02 secs] 
Heap
 garbage-first heap   total 131072K, used 7298K [0x00000000f8000000, 0x00000000f8100400, 0x0000000100000000)
  region size 1024K, 3 young (3072K), 1 survivors (1024K)
 Metaspace       used 2877K, capacity 4486K, committed 4864K, reserved 1056768K
  class space    used 302K, capacity 386K, committed 512K, reserved 1048576K
